android@lslutnfra18:~/Desktop/clase2$ git init
Initialized empty Git repository in /home/android/Desktop/clase2/.git/
android@lslutnfra18:~/Desktop/clase2$ ls -la
total 12
drwxrwxr-x 3 android android 4096 ago 24 19:39 .
drwxr-xr-x 3 android android 4096 ago 24 19:25 ..
drwxrwxr-x 7 android android 4096 ago 24 19:39 .git

Git init:
// con esto creamos un repositorio vacío
// genera el repositorio, crea la carpeta .git que es la que tiene toda la info sobre el repositorio
====================================
android@lslutnfra18:~/Desktop/clase2$ git status
On branch master

Initial commit

Untracked files:
  (use "git add <file>..." to include in what will be committed)

	clase git.txt

nothing added to commit but untracked files present (use "git add" to track)
android@lslutnfra18:~/Desktop/clase2$ 
=====================================
android@lslutnfra18:~/Desktop/clase2$ git add clase\ git.txt 
android@lslutnfra18:~/Desktop/clase2$ git status
On branch master

Initial commit

Changes to be committed:
  (use "git rm --cached <file>..." to unstage)

	new file:   clase git.txt

android@lslutnfra18:~/Desktop/clase2$ 
===================================
android@lslutnfra18:~/Desktop/clase2$ git commit -m "primer commit"

*** Please tell me who you are.

Run

  git config --global user.email "you@example.com"
  git config --global user.name "Your Name"

to set your account's default identity.
Omit --global to set the identity only in this repository.

fatal: unable to auto-detect email address (got 'android@lslutnfra18.(none)')
android@lslutnfra18:~/Desktop/clase2$ 
======================================
android@lslutnfra18:~/Desktop/clase2$ git status
On branch master

Initial commit

Changes to be committed:
  (use "git rm --cached <file>..." to unstage)

	new file:   clase git.txt

Changes not staged for commit:
  (use "git add <file>..." to update what will be committed)
  (use "git checkout -- <file>..." to discard changes in working directory)

	modified:   clase git.txt

android@lslutnfra18:~/Desktop/clase2$ git config --global user.email "oriolo_pascual@yahoo.com.ar"
android@lslutnfra18:~/Desktop/clase2$ git config --global user.name "dpo81"
android@lslutnfra18:~/Desktop/clase2$ ^C
android@lslutnfra18:~/Desktop/clase2$ 
==========================================